Microchip MPLAB XC8 Compiler V1.38 ()

Linker command line:

--edf=C:\Program Files (x86)\Microchip\xc8\v1.38\dat\en_msgs.txt -cs \
  -h+dist/default/production\recall_fw_v0_1.production.sym \
  --cmf=dist/default/production\recall_fw_v0_1.production.cmf -z -Q10LF320 \
  -oC:\Users\Hieu\AppData\Local\Temp\sf8o.2 \
  -Mdist/default/production/recall_fw_v0_1.production.map -E1 -ver=XC8 \
  -ASTACK=041h-07dh -pstack=STACK -ACODE=00h-0FFh -ASTRCODE=00h-0FFh \
  -ASTRING=00h-0FFh -ACONST=00h-0FFh -AENTRY=00h-0FFh -ABANK0=040h-07Dh \
  -ARAM=040h-07Dh -AABS1=040h-07Fh -ACOMMON=07Eh-07Fh -ASFR0=00h-03Fh \
  -preset_vec=00h,intentry,init,end_init -ppowerup=CODE -pcinit=CODE \
  -pfunctab=CODE -ACONFIG=02007h-02007h -pconfig=CONFIG -DCONFIG=2 \
  -AIDLOC=02000h-02003h -pidloc=IDLOC -DIDLOC=2 -DCODE=2 -DSTRCODE=2 \
  -DSTRING=2 -DCONST=2 -DENTRY=2 -k \
  C:\Users\Hieu\AppData\Local\Temp\sf8o.obj \
  dist/default/production\recall_fw_v0_1.production.obj 

Object code version is 3.11

Machine type is 10LF320



                Name                               Link     Load   Length Selector   Space Scale
C:\Users\Hieu\AppData\Local\Temp\sf8o.obj
                end_init                              0        0        1        0       0
                config                             2007     2007        1     400E       0
dist/default/production\recall_fw_v0_1.production.obj
                cinit                                 1        1        3        0       0
                text5                                3A       3A        2        0       0
                text4                                2C       2C        7        0       0
                text3                                33       33        3        0       0
                text2                                38       38        2        0       0
                text1                                36       36        2        0       0
                maintext                              4        4       28        0       0
                bssBANK0                             40       40        1       40       1

TOTAL           Name                               Link     Load   Length     Space
        CLASS   STACK          

        CLASS   CODE           
                end_init                              0        0        1         0
                cinit                                 1        1        3         0
                text5                                3A       3A        2         0
                text4                                2C       2C        7         0
                text3                                33       33        3         0
                text2                                38       38        2         0
                text1                                36       36        2         0
                maintext                              4        4       28         0

        CLASS   STRCODE        

        CLASS   STRING         

        CLASS   CONST          

        CLASS   ENTRY          

        CLASS   BANK0          
                bssBANK0                             40       40        1         1

        CLASS   RAM            

        CLASS   ABS1           
                abs_s1                               7E       7E        2         1

        CLASS   COMMON         

        CLASS   SFR0           

        CLASS   CONFIG         
                config                             2007     2007        1         0

        CLASS   IDLOC          

        CLASS   EEDATA         



SEGMENTS        Name                           Load    Length   Top    Selector   Space  Class     Delta

                reset_vec                      000000  00003C  00003C         0       0  CODE        2
                bssBANK0                       000040  000001  000041        40       1  BANK0       1
                config                         002007  000001  002008      400E       0  CONFIG      2


UNUSED ADDRESS RANGES

        Name                Unused          Largest block    Delta
        BANK0            0041-007D             3D           1
        CODE             003C-00FF             C4           2
        CONST            003C-00FF             C4           2
        ENTRY            003C-00FF             C4           2
        IDLOC            2000-2003              4           2
        RAM              0041-007D             3D           1
        SFR0             0000-003F             40           1
        STACK            0041-007D             3D           1
        STRCODE          003C-00FF             C4           2
        STRING           003C-00FF             C4           2

                                  Symbol Table

_ADCON                          (abs)        001F
_ADCONbits                      (abs)        001F
_ADRES                          (abs)        001E
_ANSELAbits                     (abs)        0008
_INTCONbits                     (abs)        000B
_IOCAFbits                      (abs)        001C
_IOCANbits                      (abs)        001B
_IOCAPbits                      (abs)        001A
_LATAbits                       (abs)        0007
_OPTION_REGbits                 (abs)        000E
_OSCCON                         (abs)        0010
_OSCILLATOR_Initialize          text5        003A
_PIR1bits                       (abs)        000C
_PR2                            (abs)        0012
_PWM1CON                        (abs)        0016
_PWM1DCH                        (abs)        0015
_PWM1DCL                        (abs)        0014
_SYSTEM_Initialize              text3        0033
_T2CON                          (abs)        0013
_T2CONbits                      (abs)        0013
_TMR2                           (abs)        0011
_TMR2_Initialize                text4        002C
_TMR2_StartTimer                text2        0038
_TMR2_StopTimer                 text1        0036
_TRISAbits                      (abs)        0006
_WPUAbits                       (abs)        0009
__CFG_BOREN$OFF                 (abs)        0000
__CFG_BORV$LO                   (abs)        0000
__CFG_CP$OFF                    (abs)        0000
__CFG_FOSC$INTOSC               (abs)        0000
__CFG_LPBOR$OFF                 (abs)        0000
__CFG_LVP$ON                    (abs)        0000
__CFG_MCLRE$ON                  (abs)        0000
__CFG_PWRTE$OFF                 (abs)        0000
__CFG_WDTE$OFF                  (abs)        0000
__CFG_WRT$OFF                   (abs)        0000
__Habs1                         abs1         0000
__Hbank0                        bank0        0000
__HbssBANK0                     bssBANK0     0000
__Hcinit                        cinit        0004
__Hclrtext                      clrtext      0000
__Hcode                         code         0000
__Hcommon                       common       0000
__Hconfig                       config       2008
__HcstackBANK0                  cstackBANK0  0000
__HcstackCOMMON                 cstackCOMMON 0000
__Heeprom_data                  eeprom_data  0000
__Hend_init                     end_init     0001
__Hfunctab                      functab      0000
__Hidloc                        idloc        0000
__Hinit                         init         0000
__Hintentry                     intentry     0000
__Hmaintext                     maintext     0000
__Hpowerup                      powerup      0000
__Hram                          ram          0000
__Hreset_vec                    reset_vec    0000
__Hsfr0                         sfr0         0000
__Hspace_0                      (abs)        2008
__Hspace_1                      (abs)        0041
__Hspace_2                      (abs)        0000
__Hspace_3                      (abs)        0000
__Hstack                        stack        0000
__Hstrings                      strings      0000
__Htext                         text         0000
__Labs1                         abs1         0000
__Lbank0                        bank0        0000
__LbssBANK0                     bssBANK0     0000
__Lcinit                        cinit        0001
__Lclrtext                      clrtext      0000
__Lcode                         code         0000
__Lcommon                       common       0000
__Lconfig                       config       2007
__LcstackBANK0                  cstackBANK0  0000
__LcstackCOMMON                 cstackCOMMON 0000
__Leeprom_data                  eeprom_data  0000
__Lend_init                     end_init     0000
__Lfunctab                      functab      0000
__Lidloc                        idloc        0000
__Linit                         init         0000
__Lintentry                     intentry     0000
__Lmaintext                     maintext     0000
__Lpowerup                      powerup      0000
__Lram                          ram          0000
__Lreset_vec                    reset_vec    0000
__Lsfr0                         sfr0         0000
__Lspace_0                      (abs)        0000
__Lspace_1                      (abs)        0000
__Lspace_2                      (abs)        0000
__Lspace_3                      (abs)        0000
__Lstack                        stack        0000
__Lstrings                      strings      0000
__Ltext                         text         0000
__S0                            (abs)        2008
__S1                            (abs)        0041
__S2                            (abs)        0000
___int_sp                       stack        0000
___latbits                      (abs)        0000
___sp                           stack        0000
__end_of_OSCILLATOR_Initialize  text5        003C
__end_of_SYSTEM_Initialize      text3        0036
__end_of_TMR2_Initialize        text4        0033
__end_of_TMR2_StartTimer        text2        003A
__end_of_TMR2_StopTimer         text1        0038
__end_of__initialization        cinit        0002
__end_of_main                   maintext     002C
__initialization                cinit        0001
__pbssBANK0                     bssBANK0     0040
__pcstackBANK0                  cstackBANK0  0000
__pcstackCOMMON                 cstackCOMMON 0000
__pmaintext                     maintext     0004
__ptext1                        text1        0036
__ptext2                        text2        0038
__ptext3                        text3        0033
__ptext4                        text4        002C
__ptext5                        text5        003A
__size_of_OSCILLATOR_Initialize (abs)        0000
__size_of_SYSTEM_Initialize     (abs)        0000
__size_of_TMR2_Initialize       (abs)        0000
__size_of_TMR2_StartTimer       (abs)        0000
__size_of_TMR2_StopTimer        (abs)        0000
__size_of_main                  (abs)        0000
_led_state                      bssBANK0     0040
_main                           maintext     0004
btemp                           (abs)        007E
end_of_initialization           cinit        0002
intlevel0                       functab      0000
intlevel1                       functab      0000
intlevel2                       functab      0000
intlevel3                       functab      0000
intlevel4                       functab      0000
intlevel5                       functab      0000
ltemp                           (abs)        007E
ltemp0                          (abs)        007E
ltemp1                          (abs)        0082
ltemp2                          (abs)        0086
ltemp3                          (abs)        0080
reset_vec                       reset_vec    0000
stackhi                         (abs)        0000
stacklo                         (abs)        0000
start                           init         0000
start_initialization            cinit        0001
ttemp                           (abs)        007E
ttemp0                          (abs)        007E
ttemp1                          (abs)        0081
ttemp2                          (abs)        0084
ttemp3                          (abs)        0087
ttemp4                          (abs)        007F
wtemp                           (abs)        007E
wtemp0                          (abs)        007E
wtemp1                          (abs)        0080
wtemp2                          (abs)        0082
wtemp3                          (abs)        0084
wtemp4                          (abs)        0086
wtemp5                          (abs)        0088
wtemp6                          (abs)        007F


FUNCTION INFORMATION:

 *************** function _main *****************
 Defined at:
		line 49 in file "main.c"
 Parameters:    Size  Location     Type
		None
 Auto vars:     Size  Location     Type
		None
 Return value:  Size  Location     Type
                  1    wreg      void 
 Registers used:
		wreg, status,2, status,0, pclath, cstack
 Tracked objects:
		On entry : 
		On exit  : 
		Unchanged: 
 Data sizes:     COMMON   BANK0
      Params:         0       0
      Locals:         0       0
      Temps:          0       0
      Totals:         0       0
Total ram usage:        0 bytes
 Hardware stack levels required when called:    2
 This function calls:
		_SYSTEM_Initialize
		_TMR2_StartTimer
		_TMR2_StopTimer
 This function is called by:
		Startup code after reset
 This function uses a non-reentrant model


 *************** function _TMR2_StopTimer *****************
 Defined at:
		line 49 in file "tmr2.c"
 Parameters:    Size  Location     Type
		None
 Auto vars:     Size  Location     Type
		None
 Return value:  Size  Location     Type
                  1    wreg      void 
 Registers used:
		None
 Tracked objects:
		On entry : 
		On exit  : 
		Unchanged: 
 Data sizes:     COMMON   BANK0
      Params:         0       0
      Locals:         0       0
      Temps:          0       0
      Totals:         0       0
Total ram usage:        0 bytes
 Hardware stack levels used:    1
 This function calls:
		Nothing
 This function is called by:
		_main
 This function uses a non-reentrant model


 *************** function _TMR2_StartTimer *****************
 Defined at:
		line 43 in file "tmr2.c"
 Parameters:    Size  Location     Type
		None
 Auto vars:     Size  Location     Type
		None
 Return value:  Size  Location     Type
                  1    wreg      void 
 Registers used:
		None
 Tracked objects:
		On entry : 
		On exit  : 
		Unchanged: 
 Data sizes:     COMMON   BANK0
      Params:         0       0
      Locals:         0       0
      Temps:          0       0
      Totals:         0       0
Total ram usage:        0 bytes
 Hardware stack levels used:    1
 This function calls:
		Nothing
 This function is called by:
		_main
 This function uses a non-reentrant model


 *************** function _SYSTEM_Initialize *****************
 Defined at:
		line 33 in file "device_initialize.c"
 Parameters:    Size  Location     Type
		None
 Auto vars:     Size  Location     Type
		None
 Return value:  Size  Location     Type
                  1    wreg      void 
 Registers used:
		wreg, status,2, status,0, pclath, cstack
 Tracked objects:
		On entry : 
		On exit  : 
		Unchanged: 
 Data sizes:     COMMON   BANK0
      Params:         0       0
      Locals:         0       0
      Temps:          0       0
      Totals:         0       0
Total ram usage:        0 bytes
 Hardware stack levels used:    1
 Hardware stack levels required when called:    1
 This function calls:
		_OSCILLATOR_Initialize
		_TMR2_Initialize
 This function is called by:
		_main
 This function uses a non-reentrant model


 *************** function _TMR2_Initialize *****************
 Defined at:
		line 24 in file "tmr2.c"
 Parameters:    Size  Location     Type
		None
 Auto vars:     Size  Location     Type
		None
 Return value:  Size  Location     Type
                  1    wreg      void 
 Registers used:
		wreg, status,2
 Tracked objects:
		On entry : 
		On exit  : 
		Unchanged: 
 Data sizes:     COMMON   BANK0
      Params:         0       0
      Locals:         0       0
      Temps:          0       0
      Totals:         0       0
Total ram usage:        0 bytes
 Hardware stack levels used:    1
 This function calls:
		Nothing
 This function is called by:
		_SYSTEM_Initialize
 This function uses a non-reentrant model


 *************** function _OSCILLATOR_Initialize *****************
 Defined at:
		line 39 in file "device_initialize.c"
 Parameters:    Size  Location     Type
		None
 Auto vars:     Size  Location     Type
		None
 Return value:  Size  Location     Type
                  1    wreg      void 
 Registers used:
		status,2
 Tracked objects:
		On entry : 
		On exit  : 
		Unchanged: 
 Data sizes:     COMMON   BANK0
      Params:         0       0
      Locals:         0       0
      Temps:          0       0
      Totals:         0       0
Total ram usage:        0 bytes
 Hardware stack levels used:    1
 This function calls:
		Nothing
 This function is called by:
		_SYSTEM_Initialize
 This function uses a non-reentrant model



MODULE INFORMATION

Module		Function		Class		Link	Load	Size
tmr2.c
		_TMR2_Initialize		CODE           	002C	0000	8
		_TMR2_StopTimer		CODE           	0036	0000	3
		_TMR2_StartTimer		CODE           	0038	0000	3

tmr2.c estimated size: 14

shared
		__initialization		CODE           	0001	0000	2

shared estimated size: 2

device_initialize.c
		_OSCILLATOR_Initialize		CODE           	003A	0000	3
		_SYSTEM_Initialize		CODE           	0033	0000	4

device_initialize.c estimated size: 7

main.c
		_main          		CODE           	0004	0000	41

main.c estimated size: 41

