Microchip MPLAB XC8 Compiler V1.38 ()

Linker command line:

--edf=C:\Program Files (x86)\Microchip\xc8\v1.38\dat\en_msgs.txt -cs \
  -h+dist/default/production\PIC10F32x_Source_Code.X.production.sym \
  --cmf=dist/default/production\PIC10F32x_Source_Code.X.production.cmf -z \
  -Q10F322 -oC:\Users\Hieu\AppData\Local\Temp\sffs.2 \
  -Mdist/default/production/PIC10F32x_Source_Code.X.production.map -E1 \
  -ver=XC8 -ASTACK=048h-07dh -pstack=STACK -ACODE=00h-01FFh \
  -ASTRCODE=00h-01FFh -ASTRING=00h-0FFhx2 -ACONST=00h-0FFhx2 \
  -AENTRY=00h-0FFhx2 -ABANK0=040h-07Dh -ARAM=040h-07Dh -AABS1=040h-07Fh \
  -ACOMMON=07Eh-07Fh -ASFR0=00h-03Fh -preset_vec=00h,intentry,init,end_init \
  -ppowerup=CODE -pcinit=CODE -pfunctab=CODE -ACONFIG=02007h-02007h \
  -pconfig=CONFIG -DCONFIG=2 -AIDLOC=02000h-02003h -pidloc=IDLOC -DIDLOC=2 \
  -DCODE=2 -DSTRCODE=2 -DSTRING=2 -DCONST=2 -DENTRY=2 -k \
  C:\Users\Hieu\AppData\Local\Temp\sffs.obj \
  dist/default/production\PIC10F32x_Source_Code.X.production.obj 

Object code version is 3.11

Machine type is 10F322



                Name                               Link     Load   Length Selector   Space Scale
C:\Users\Hieu\AppData\Local\Temp\sffs.obj
                end_init                              0        0        1        0       0
                config                             2007     2007        1     400E       0
dist/default/production\PIC10F32x_Source_Code.X.production.obj
                cinit                               1FE      1FE        2      3FC       0
                text5                               1BC      1BC       10      378       0
                text4                               1CC      1CC       18      398       0
                text3                               1B9      1B9        3      372       0
                text2                               1B5      1B5        2      36A       0
                text1                               1B7      1B7        2      36E       0
                maintext                            1E4      1E4       1A      3C8       0
                cstackBANK0                          40       40        6       40       1
                nvBANK0                              46       46        2       40       1

TOTAL           Name                               Link     Load   Length     Space
        CLASS   STACK          

        CLASS   CODE           
                end_init                              0        0        1         0
                cinit                               1FE      1FE        2         0
                text5                               1BC      1BC       10         0
                text4                               1CC      1CC       18         0
                text3                               1B9      1B9        3         0
                text2                               1B5      1B5        2         0
                text1                               1B7      1B7        2         0
                maintext                            1E4      1E4       1A         0

        CLASS   STRCODE        

        CLASS   STRING         

        CLASS   CONST          

        CLASS   ENTRY          

        CLASS   BANK0          
                cstackBANK0                          40       40        6         1
                nvBANK0                              46       46        2         1

        CLASS   RAM            

        CLASS   ABS1           
                abs_s1                               7E       7E        2         1

        CLASS   COMMON         

        CLASS   SFR0           

        CLASS   CONFIG         
                config                             2007     2007        1         0

        CLASS   IDLOC          

        CLASS   EEDATA         



SEGMENTS        Name                           Load    Length   Top    Selector   Space  Class     Delta

                reset_vec                      000000  000001  000001         0       0  CODE        2
                cstackBANK0                    000040  000008  000048        40       1  BANK0       1
                text2                          0001B5  000002  0001B7       36A       0  CODE        2
                text1                          0001B7  000002  0001B9       36E       0  CODE        2
                text3                          0001B9  000003  0001BC       372       0  CODE        2
                text5                          0001BC  000010  0001CC       378       0  CODE        2
                text4                          0001CC  000018  0001E4       398       0  CODE        2
                maintext                       0001E4  00001A  0001FE       3C8       0  CODE        2
                cinit                          0001FE  000002  000200       3FC       0  CODE        2
                config                         002007  000001  002008      400E       0  CONFIG      2


UNUSED ADDRESS RANGES

        Name                Unused          Largest block    Delta
        BANK0            0048-007D             36           1
        CODE             0001-01B4            1B4           2
        CONST            0001-01B4             FF           2
        ENTRY            0001-01B4             FF           2
        IDLOC            2000-2003              4           2
        RAM              0048-007D             36           1
        SFR0             0000-003F             40           1
        STACK            0048-007D             36           1
        STRCODE          0001-01B4            1B4           2
        STRING           0001-01B4             FF           2

                                  Symbol Table

ADC_GetConversion@channel       cstackBANK0  0041
PWM_LoadDutyValue@dutyValue     cstackBANK0  0040
_ADCON                          (abs)        001F
_ADCONbits                      (abs)        001F
_ADC_GetConversion              text5        01BC
_ADRES                          (abs)        001E
_ANSELAbits                     (abs)        0008
_LATAbits                       (abs)        0007
_OSCCON                         (abs)        0010
_OSCILLATOR_Initialize          text3        01B9
_PIR1bits                       (abs)        000C
_PR2                            (abs)        0012
_PWM1CON                        (abs)        0016
_PWM1DCH                        (abs)        0015
_PWM1DCL                        (abs)        0014
_PWM_LoadDutyValue              text4        01CC
_SYSTEM_Initialize              text2        01B5
_T2CON                          (abs)        0013
_T2CONbits                      (abs)        0013
_TMR2                           (abs)        0011
_TMR2_StartTimer                text1        01B7
_TRISAbits                      (abs)        0006
__CFG_BOREN$OFF                 (abs)        0000
__CFG_BORV$LO                   (abs)        0000
__CFG_CP$OFF                    (abs)        0000
__CFG_FOSC$INTOSC               (abs)        0000
__CFG_LPBOR$OFF                 (abs)        0000
__CFG_LVP$ON                    (abs)        0000
__CFG_MCLRE$ON                  (abs)        0000
__CFG_PWRTE$OFF                 (abs)        0000
__CFG_WDTE$OFF                  (abs)        0000
__CFG_WRT$OFF                   (abs)        0000
__Habs1                         abs1         0000
__Hbank0                        bank0        0000
__Hcinit                        cinit        0200
__Hclrtext                      clrtext      0000
__Hcode                         code         0000
__Hcommon                       common       0000
__Hconfig                       config       2008
__HcstackBANK0                  cstackBANK0  0000
__HcstackCOMMON                 cstackCOMMON 0000
__Heeprom_data                  eeprom_data  0000
__Hend_init                     end_init     0001
__Hfunctab                      functab      0000
__Hidloc                        idloc        0000
__Hinit                         init         0000
__Hintentry                     intentry     0000
__Hmaintext                     maintext     0000
__HnvBANK0                      nvBANK0      0000
__Hpowerup                      powerup      0000
__Hram                          ram          0000
__Hreset_vec                    reset_vec    0000
__Hsfr0                         sfr0         0000
__Hspace_0                      (abs)        2008
__Hspace_1                      (abs)        0048
__Hspace_2                      (abs)        0000
__Hspace_3                      (abs)        0000
__Hstack                        stack        0000
__Hstrings                      strings      0000
__Htext                         text         0000
__Labs1                         abs1         0000
__Lbank0                        bank0        0000
__Lcinit                        cinit        01FE
__Lclrtext                      clrtext      0000
__Lcode                         code         0000
__Lcommon                       common       0000
__Lconfig                       config       2007
__LcstackBANK0                  cstackBANK0  0000
__LcstackCOMMON                 cstackCOMMON 0000
__Leeprom_data                  eeprom_data  0000
__Lend_init                     end_init     0000
__Lfunctab                      functab      0000
__Lidloc                        idloc        0000
__Linit                         init         0000
__Lintentry                     intentry     0000
__Lmaintext                     maintext     0000
__LnvBANK0                      nvBANK0      0000
__Lpowerup                      powerup      0000
__Lram                          ram          0000
__Lreset_vec                    reset_vec    0000
__Lsfr0                         sfr0         0000
__Lspace_0                      (abs)        0000
__Lspace_1                      (abs)        0000
__Lspace_2                      (abs)        0000
__Lspace_3                      (abs)        0000
__Lstack                        stack        0000
__Lstrings                      strings      0000
__Ltext                         text         0000
__S0                            (abs)        2008
__S1                            (abs)        0048
__S2                            (abs)        0000
___int_sp                       stack        0000
___latbits                      (abs)        0000
___sp                           stack        0000
__end_of_ADC_GetConversion      text5        01CC
__end_of_OSCILLATOR_Initialize  text3        01BC
__end_of_PWM_LoadDutyValue      text4        01E4
__end_of_SYSTEM_Initialize      text2        01B7
__end_of_TMR2_StartTimer        text1        01B9
__end_of__initialization        cinit        01FE
__end_of_main                   maintext     01FE
__initialization                cinit        01FE
__pcstackBANK0                  cstackBANK0  0040
__pcstackCOMMON                 cstackCOMMON 0000
__pmaintext                     maintext     01E4
__pnvBANK0                      nvBANK0      0046
__ptext1                        text1        01B7
__ptext2                        text2        01B5
__ptext3                        text3        01B9
__ptext4                        text4        01CC
__ptext5                        text5        01BC
__size_of_ADC_GetConversion     (abs)        0000
__size_of_OSCILLATOR_Initialize (abs)        0000
__size_of_PWM_LoadDutyValue     (abs)        0000
__size_of_SYSTEM_Initialize     (abs)        0000
__size_of_TMR2_StartTimer       (abs)        0000
__size_of_main                  (abs)        0000
_dutycycle                      nvBANK0      0046
_main                           maintext     01E4
btemp                           (abs)        007E
end_of_initialization           cinit        01FE
intlevel0                       functab      0000
intlevel1                       functab      0000
intlevel2                       functab      0000
intlevel3                       functab      0000
intlevel4                       functab      0000
intlevel5                       functab      0000
ltemp                           (abs)        007E
ltemp0                          (abs)        007E
ltemp1                          (abs)        0082
ltemp2                          (abs)        0086
ltemp3                          (abs)        0080
reset_vec                       reset_vec    0000
stackhi                         (abs)        0000
stacklo                         (abs)        0000
start                           init         0000
start_initialization            cinit        01FE
ttemp                           (abs)        007E
ttemp0                          (abs)        007E
ttemp1                          (abs)        0081
ttemp2                          (abs)        0084
ttemp3                          (abs)        0087
ttemp4                          (abs)        007F
wtemp                           (abs)        007E
wtemp0                          (abs)        007E
wtemp1                          (abs)        0080
wtemp2                          (abs)        0082
wtemp3                          (abs)        0084
wtemp4                          (abs)        0086
wtemp5                          (abs)        0088
wtemp6                          (abs)        007F


FUNCTION INFORMATION:

 *************** function _main *****************
 Defined at:
		line 49 in file "main.c"
 Parameters:    Size  Location     Type
		None
 Auto vars:     Size  Location     Type
		None
 Return value:  Size  Location     Type
                  1    wreg      void 
 Registers used:
		wreg, status,2, status,0, pclath, cstack
 Tracked objects:
		On entry : 
		On exit  : 
		Unchanged: 
 Data sizes:     COMMON   BANK0
      Params:         0       0
      Locals:         0       0
      Temps:          0       2
      Totals:         0       2
Total ram usage:        2 bytes
 Hardware stack levels required when called:    2
 This function calls:
		_ADC_GetConversion
		_PWM_LoadDutyValue
		_SYSTEM_Initialize
		_TMR2_StartTimer
 This function is called by:
		Startup code after reset
 This function uses a non-reentrant model


 *************** function _TMR2_StartTimer *****************
 Defined at:
		line 39 in file "tmr2.c"
 Parameters:    Size  Location     Type
		None
 Auto vars:     Size  Location     Type
		None
 Return value:  Size  Location     Type
                  1    wreg      void 
 Registers used:
		None
 Tracked objects:
		On entry : 
		On exit  : 
		Unchanged: 
 Data sizes:     COMMON   BANK0
      Params:         0       0
      Locals:         0       0
      Temps:          0       0
      Totals:         0       0
Total ram usage:        0 bytes
 Hardware stack levels used:    1
 This function calls:
		Nothing
 This function is called by:
		_main
 This function uses a non-reentrant model


 *************** function _SYSTEM_Initialize *****************
 Defined at:
		line 33 in file "device_initialize.c"
 Parameters:    Size  Location     Type
		None
 Auto vars:     Size  Location     Type
		None
 Return value:  Size  Location     Type
                  1    wreg      void 
 Registers used:
		wreg, status,2, status,0, pclath, cstack
 Tracked objects:
		On entry : 
		On exit  : 
		Unchanged: 
 Data sizes:     COMMON   BANK0
      Params:         0       0
      Locals:         0       0
      Temps:          0       0
      Totals:         0       0
Total ram usage:        0 bytes
 Hardware stack levels used:    1
 Hardware stack levels required when called:    1
 This function calls:
		_OSCILLATOR_Initialize
 This function is called by:
		_main
 This function uses a non-reentrant model


 *************** function _OSCILLATOR_Initialize *****************
 Defined at:
		line 41 in file "device_initialize.c"
 Parameters:    Size  Location     Type
		None
 Auto vars:     Size  Location     Type
		None
 Return value:  Size  Location     Type
                  1    wreg      void 
 Registers used:
		wreg
 Tracked objects:
		On entry : 
		On exit  : 
		Unchanged: 
 Data sizes:     COMMON   BANK0
      Params:         0       0
      Locals:         0       0
      Temps:          0       0
      Totals:         0       0
Total ram usage:        0 bytes
 Hardware stack levels used:    1
 This function calls:
		Nothing
 This function is called by:
		_SYSTEM_Initialize
 This function uses a non-reentrant model


 *************** function _PWM_LoadDutyValue *****************
 Defined at:
		line 32 in file "pwm.c"
 Parameters:    Size  Location     Type
  dutyValue       2    0[BANK0 ] unsigned int 
 Auto vars:     Size  Location     Type
		None
 Return value:  Size  Location     Type
                  1    wreg      void 
 Registers used:
		wreg, status,2, status,0
 Tracked objects:
		On entry : 
		On exit  : 
		Unchanged: 
 Data sizes:     COMMON   BANK0
      Params:         0       2
      Locals:         0       0
      Temps:          0       2
      Totals:         0       4
Total ram usage:        4 bytes
 Hardware stack levels used:    1
 This function calls:
		Nothing
 This function is called by:
		_main
 This function uses a non-reentrant model


 *************** function _ADC_GetConversion *****************
 Defined at:
		line 36 in file "adc.c"
 Parameters:    Size  Location     Type
  channel         1    wreg     enum E1468
 Auto vars:     Size  Location     Type
  channel         1    1[BANK0 ] enum E1468
 Return value:  Size  Location     Type
                  1    wreg      unsigned char 
 Registers used:
		wreg, status,2, status,0
 Tracked objects:
		On entry : 
		On exit  : 
		Unchanged: 
 Data sizes:     COMMON   BANK0
      Params:         0       0
      Locals:         0       1
      Temps:          0       1
      Totals:         0       2
Total ram usage:        2 bytes
 Hardware stack levels used:    1
 This function calls:
		Nothing
 This function is called by:
		_main
 This function uses a non-reentrant model



MODULE INFORMATION

Module		Function		Class		Link	Load	Size
pwm.c
		_PWM_LoadDutyValue		CODE           	01CC	0000	25

pwm.c estimated size: 25

adc.c
		_ADC_GetConversion		CODE           	01BC	0000	17

adc.c estimated size: 17

tmr2.c
		_TMR2_StartTimer		CODE           	01B7	0000	3

tmr2.c estimated size: 3

shared
		__initialization		CODE           	01FE	0000	1

shared estimated size: 1

device_initialize.c
		_OSCILLATOR_Initialize		CODE           	01B9	0000	4
		_SYSTEM_Initialize		CODE           	01B5	0000	3

device_initialize.c estimated size: 7

main.c
		_main          		CODE           	01E4	0000	27

main.c estimated size: 27

